// Jest Snapshot v1, https://goo.gl/fbAQLP

exports[`#Test Box Component #Should Box with success 1`] = `
<h1>
  Register
   and
  <small>
    First time using of caffeine.
  </small>
</h1>
`;
